// Jest Snapshot v1, https://goo.gl/fbAQLP

exports[`App should match App snapshot 1`] = `
Array [
  <div
    className="app"
  >
    <h1>
      Math Magicians
    </h1>
    <nav>
      <ul
        className="navContainer"
      >
        <li>
          <a
            href="/"
            onClick={[Function]}
          >
            Home
          </a>
        </li>
        <li>
          <a
            href="/calcul"
            onClick={[Function]}
          >
            Calculator
          </a>
        </li>
        <li>
          <a
            href="/quote"
            onClick={[Function]}
          >
            Quote
          </a>
        </li>
      </ul>
    </nav>
  </div>,
  <section
    className="home"
  >
    <h2>
      Wecome to our page!
    </h2>
    <p>
      Lorem ipsum dolor, sit amet consectetur adipisicing elit. Eius ratione ex tempore error veniam voluptas consectetur ullam iste. Voluptatem accusamus harum numquam atque consectetur saepe architecto libero cum, totam dicta? Iste aspernatur rem quia. Voluptate iure magni minus animi assumenda. Ut laborum placeat nobis consequuntur qui ea ab assumenda voluptatem!Lorem ipsum dolor sit amet consectetur adipisicing elit. Quae qui ipsum magni impedit enim. Officiis iste saepe, ipsam minus veritatis architecto? Possimus numquam enim autem commodi molestiae debitis esse perferendis, obcaecati voluptates voluptate fuga repellendus officia quam magnam. Pariatur nisi ipsam incidunt nemo aliquid unde veniam earum dolore consequatur! Inventore error minus repudiandae suscipit soluta cum impedit asperiores reprehenderit nisi laboriosam officiis deserunt provident illo repellendus animi libero, eveniet ducimus.
    </p>
    <p>
      Lorem ipsum dolor, sit amet consectetur adipisicing elit. Eius ratione ex tempore error veniam voluptas consectetur ullam iste. Voluptatem accusamus harum numquam atque consectetur saepe architecto libero cum, totam dicta? Iste aspernatur rem quia. Voluptate iure magni minus animi assumenda. Ut laborum placeat nobis consequuntur qui ea ab assumenda voluptatem!Lorem ipsum dolor sit amet consectetur adipisicing elit. Quae qui ipsum magni impedit enim. Officiis iste saepe, ipsam minus veritatis architecto? Possimus numquam enim autem commodi molestiae debitis esse perferendis, obcaecati voluptates voluptate fuga repellendus officia quam magnam. Pariatur nisi ipsam incidunt nemo aliquid unde veniam earum dolore consequatur! Inventore error minus repudiandae suscipit soluta cum impedit asperiores reprehenderit nisi laboriosam officiis deserunt provident illo repellendus animi libero, eveniet ducimus.
    </p>
  </section>,
]
`;
